// Jest Snapshot v1, https://goo.gl/fbAQLP

exports[`<Login /> passes snapshot test 1`] = `
<DocumentFragment>
  <div
    class="form-div"
  >
    <h3>
      Login Form
    </h3>
    <form
      class="form"
    >
      <div
        class="form-group form-group"
      >
        <label
          class="ml-1"
          for="username"
        >
          Username:
        </label>
        <input
          class="username form-control"
          name="username"
          type="text"
          value=""
        />
      </div>
      <div
        class="form-group form-group"
      >
        <label
          class="ml-1"
          for="password"
        >
          Password:
        </label>
        <input
          class="password form-control"
          name="password"
          type="password"
          value=""
        />
      </div>
      <button
        class="li-btn btn btn-secondary"
        type="submit"
      >
        Login
      </button>
    </form>
  </div>
</DocumentFragment>
`;
