// Jest Snapshot v1, https://goo.gl/fbAQLP

exports[`<Orders/> passes snapshot test 1`] = `
<DocumentFragment>
  <div>
    <div
      class="orders-alert alert alert-success fade"
      role="alert"
    >
       You have not made any orders
    </div>
  </div>
</DocumentFragment>
`;
