// Jest Snapshot v1, https://goo.gl/fbAQLP

exports[`<ProductCard/> passes snapshot test 1`] = `
<DocumentFragment>
  <div
    class="card-wrapper"
  >
    <div
      class="product-img-wrapper"
    >
      <img
        alt="product-display"
        class="product-img"
        src="https://fakestoreapi.com/img/71-3HjGNDUL._AC_SY879._SX._UX._SY._UY_.jpg"
      />
    </div>
    <div
      class="product-info"
    >
      <div
        class="product-title"
      >
        <h5>
          Mens Casual Premium Slim Fit T-Shirts 
        </h5>
      </div>
      <div
        class="product-descripition"
      >
        <p>
          Slim-fitting style, contrast raglan long sleeve, three-button henley placket, light weight & soft fabric for breathable and comfortable wearing. And Solid stitched shirts with round neck made for durability and a great fit for casual fashion wear and diehard baseball fans. The Henley style round neckline includes a three-button placket.
        </p>
      </div>
      <div
        class="product-price-buy"
      >
        <b>
          Price: 22.3$
        </b>
        <button
          id="2"
          name="add"
        >
          <i
            class="fas fa-cart-plus"
            name="add"
          />
        </button>
        <button
          name="add"
        >
          <i
            class="far fa-heart"
            name="add"
          />
        </button>
      </div>
    </div>
  </div>
</DocumentFragment>
`;

exports[`<Products/> passes snapshot test 1`] = `
<DocumentFragment>
  <div
    aria-busy="true"
    class=""
  >
    <svg
      aria-label="audio-loading"
      fill="#F93800"
      height="250"
      viewBox="0 0 120 30"
      width="250"
      xmlns="http://www.w3.org/2000/svg"
    >
      <circle
        cx="15"
        cy="15"
        r="15"
      >
        <animate
          attributeName="r"
          begin="0s"
          calcMode="linear"
          dur="0.8s"
          from="15"
          repeatCount="indefinite"
          to="15"
          values="15;9;15"
        />
        <animate
          attributeName="fillOpacity"
          begin="0s"
          calcMode="linear"
          dur="0.8s"
          from="1"
          repeatCount="indefinite"
          to="1"
          values="1;.5;1"
        />
      </circle>
      <circle
        attributeName="fillOpacity"
        cx="60"
        cy="15"
        from="1"
        r="9"
        to="0.3"
      >
        <animate
          attributeName="r"
          begin="0s"
          calcMode="linear"
          dur="0.8s"
          from="9"
          repeatCount="indefinite"
          to="9"
          values="9;15;9"
        />
        <animate
          attributeName="fillOpacity"
          begin="0s"
          calcMode="linear"
          dur="0.8s"
          from="0.5"
          repeatCount="indefinite"
          to="0.5"
          values=".5;1;.5"
        />
      </circle>
      <circle
        cx="105"
        cy="15"
        r="15"
      >
        <animate
          attributeName="r"
          begin="0s"
          calcMode="linear"
          dur="0.8s"
          from="15"
          repeatCount="indefinite"
          to="15"
          values="15;9;15"
        />
        <animate
          attributeName="fillOpacity"
          begin="0s"
          calcMode="linear"
          dur="0.8s"
          from="1"
          repeatCount="indefinite"
          to="1"
          values="1;.5;1"
        />
      </circle>
    </svg>
  </div>
</DocumentFragment>
`;
