// Jest Snapshot v1, https://goo.gl/fbAQLP

exports[`<Wishlist/> passes snapshot test 1`] = `
<DocumentFragment>
  <h3
    class="empty-cart"
  >
     Make a wish
  </h3>
</DocumentFragment>
`;
